<?xml version="1.0" encoding="UTF-8"?>
<testsuites name="Mocha Tests" time="0.013" tests="6" failures="0">
  <testsuite name="Root Suite" timestamp="2024-10-22T04:48:49" tests="0" time="0.000" failures="0">
  </testsuite>
  <testsuite name="Password Generator Tests" timestamp="2024-10-22T04:48:49" tests="6" file="C:\KULIAH - Copy\SEMESTER 3\TEKWEB\Praktikum\web-technology-mid-test-2300016122\test\test.js" time="0.011" failures="0">
    <testcase name="Password Generator Tests should generate a password of the specified length" time="0.002" classname="should generate a password of the specified length">
    </testcase>
    <testcase name="Password Generator Tests should contain uppercase letters if selected" time="0.001" classname="should contain uppercase letters if selected">
    </testcase>
    <testcase name="Password Generator Tests should contain lowercase letters if selected" time="0.000" classname="should contain lowercase letters if selected">
    </testcase>
    <testcase name="Password Generator Tests should contain numbers if selected" time="0.000" classname="should contain numbers if selected">
    </testcase>
    <testcase name="Password Generator Tests should contain special characters if selected" time="0.001" classname="should contain special characters if selected">
    </testcase>
    <testcase name="Password Generator Tests should throw an error if no character type is selected" time="0.001" classname="should throw an error if no character type is selected">
    </testcase>
  </testsuite>
</testsuites>